<?xml version="1.0" encoding="utf-8"?><testsuites><testsuite name="pytest" errors="0" failures="0" skipped="0" tests="38" time="0.261" timestamp="2021-04-10T03:24:30.922410" hostname="marcosborges"><testcase classname="starro.test_starro" name="test_complete" time="0.002" /><testcase classname="starro.test_starro" name="test_password" time="0.001" /><testcase classname="starro.test_starro" name="test_token" time="0.001" /><testcase classname="starro.test_starro" name="test_accesskey" time="0.001" /><testcase classname="starro.test_starro" name="test_secret" time="0.003" /><testcase classname="starro.test_starro" name="test_ssn" time="0.002" /><testcase classname="starro.test_starro" name="test_phone" time="0.002" /><testcase classname="starro.test_starro" name="test_name" time="0.002" /><testcase classname="starro.test_starro" name="test_cpf" time="0.002" /><testcase classname="starro.test_starro" name="test_rg" time="0.001" /><testcase classname="starro.test_starro" name="test_pis" time="0.001" /><testcase classname="starro.test_starro" name="test_votercard" time="0.001" /><testcase classname="starro.test_starro" name="test_ie" time="0.001" /><testcase classname="starro.test_starro" name="test_cnh" time="0.001" /><testcase classname="starro.test_starro" name="test_mail" time="0.002" /><testcase classname="starro.test_starro" name="test_gender" time="0.002" /><testcase classname="starro.test_starro" name="test_address" time="0.001" /><testcase classname="starro.test_starro" name="test_ethnicity" time="0.001" /><testcase classname="starro.test_starro" name="test_religion" time="0.001" /><testcase classname="starro.test_starro" name="test_health" time="0.001" /><testcase classname="starro.test_starro" name="test_politic" time="0.001" /><testcase classname="starro.test_starro" name="test_bank_number" time="0.001" /><testcase classname="starro.test_starro" name="test_account_number" time="0.001" /><testcase classname="starro.test_starro" name="test_platecar" time="0.001" /><testcase classname="starro.test_starro" name="test_creditcard" time="0.001" /><testcase classname="starro.test_starro" name="test_sexual" time="0.001" /><testcase classname="starro.test_starro" name="test_crm" time="0.001" /><testcase classname="starro.test_starro" name="test_oab" time="0.001" /><testcase classname="starro.test_starro" name="test_mask_left" time="0.002" /><testcase classname="starro.test_starro" name="test_mask_right" time="0.001" /><testcase classname="starro.test_starro" name="test_fix_left" time="0.001" /><testcase classname="starro.test_starro" name="test_fix_right" time="0.002" /><testcase classname="starro.test_starro" name="test_mask_center" time="0.002" /><testcase classname="starro.test_starro" name="test_mask_center_oversize" time="0.002" /><testcase classname="starro.test_starro" name="test_fix_center" time="0.002" /><testcase classname="starro.test_starro" name="test_fix_center_oversize" time="0.002" /><testcase classname="starro.test_starro" name="test_starrofy" time="0.002" /><testcase classname="starro.test_starro" name="test_starrofy_decorator" time="0.002" /></testsuite></testsuites>